Archive member included to satisfy reference by file (symbol)

c:/st/stm32cubeide_1.3.0/stm32cubeide/plugins/com.st.stm32cube.ide.mcu.externaltools.gnu-tools-for-stm32.7-2018-q2-update.win32_1.4.0.202007081208/tools/bin/../lib/gcc/arm-none-eabi/7.3.1/../../../../arm-none-eabi/lib/thumb/v7e-m/fpv4-sp/hard\libc_nano.a(lib_a-errno.o)
                              Core/Src/syscalls.o (__errno)
c:/st/stm32cubeide_1.3.0/stm32cubeide/plugins/com.st.stm32cube.ide.mcu.externaltools.gnu-tools-for-stm32.7-2018-q2-update.win32_1.4.0.202007081208/tools/bin/../lib/gcc/arm-none-eabi/7.3.1/../../../../arm-none-eabi/lib/thumb/v7e-m/fpv4-sp/hard\libc_nano.a(lib_a-exit.o)
                              c:/st/stm32cubeide_1.3.0/stm32cubeide/plugins/com.st.stm32cube.ide.mcu.externaltools.gnu-tools-for-stm32.7-2018-q2-update.win32_1.4.0.202007081208/tools/bin/../lib/gcc/arm-none-eabi/7.3.1/../../../../arm-none-eabi/lib/thumb/v7e-m/fpv4-sp/hard/crt0.o (exit)
c:/st/stm32cubeide_1.3.0/stm32cubeide/plugins/com.st.stm32cube.ide.mcu.externaltools.gnu-tools-for-stm32.7-2018-q2-update.win32_1.4.0.202007081208/tools/bin/../lib/gcc/arm-none-eabi/7.3.1/../../../../arm-none-eabi/lib/thumb/v7e-m/fpv4-sp/hard\libc_nano.a(lib_a-impure.o)
                              c:/st/stm32cubeide_1.3.0/stm32cubeide/plugins/com.st.stm32cube.ide.mcu.externaltools.gnu-tools-for-stm32.7-2018-q2-update.win32_1.4.0.202007081208/tools/bin/../lib/gcc/arm-none-eabi/7.3.1/../../../../arm-none-eabi/lib/thumb/v7e-m/fpv4-sp/hard\libc_nano.a(lib_a-exit.o) (_global_impure_ptr)
c:/st/stm32cubeide_1.3.0/stm32cubeide/plugins/com.st.stm32cube.ide.mcu.externaltools.gnu-tools-for-stm32.7-2018-q2-update.win32_1.4.0.202007081208/tools/bin/../lib/gcc/arm-none-eabi/7.3.1/../../../../arm-none-eabi/lib/thumb/v7e-m/fpv4-sp/hard\libc_nano.a(lib_a-init.o)
                              c:/st/stm32cubeide_1.3.0/stm32cubeide/plugins/com.st.stm32cube.ide.mcu.externaltools.gnu-tools-for-stm32.7-2018-q2-update.win32_1.4.0.202007081208/tools/bin/../lib/gcc/arm-none-eabi/7.3.1/../../../../arm-none-eabi/lib/thumb/v7e-m/fpv4-sp/hard/crt0.o (__libc_init_array)
c:/st/stm32cubeide_1.3.0/stm32cubeide/plugins/com.st.stm32cube.ide.mcu.externaltools.gnu-tools-for-stm32.7-2018-q2-update.win32_1.4.0.202007081208/tools/bin/../lib/gcc/arm-none-eabi/7.3.1/../../../../arm-none-eabi/lib/thumb/v7e-m/fpv4-sp/hard\libc_nano.a(lib_a-memset.o)
                              c:/st/stm32cubeide_1.3.0/stm32cubeide/plugins/com.st.stm32cube.ide.mcu.externaltools.gnu-tools-for-stm32.7-2018-q2-update.win32_1.4.0.202007081208/tools/bin/../lib/gcc/arm-none-eabi/7.3.1/../../../../arm-none-eabi/lib/thumb/v7e-m/fpv4-sp/hard/crt0.o (memset)

Allocating common symbols
Common symbol       size              file

rx_buff             0x101             Core/Src/main.o
temp_buff           0x14              Core/Src/main.o
tx_buff             0x20              Core/Src/main.o

Discarded input sections

 .text          0x0000000000000000        0x0 c:/st/stm32cubeide_1.3.0/stm32cubeide/plugins/com.st.stm32cube.ide.mcu.externaltools.gnu-tools-for-stm32.7-2018-q2-update.win32_1.4.0.202007081208/tools/bin/../lib/gcc/arm-none-eabi/7.3.1/thumb/v7e-m/fpv4-sp/hard/crti.o
 .data          0x0000000000000000        0x0 c:/st/stm32cubeide_1.3.0/stm32cubeide/plugins/com.st.stm32cube.ide.mcu.externaltools.gnu-tools-for-stm32.7-2018-q2-update.win32_1.4.0.202007081208/tools/bin/../lib/gcc/arm-none-eabi/7.3.1/thumb/v7e-m/fpv4-sp/hard/crti.o
 .bss           0x0000000000000000        0x0 c:/st/stm32cubeide_1.3.0/stm32cubeide/plugins/com.st.stm32cube.ide.mcu.externaltools.gnu-tools-for-stm32.7-2018-q2-update.win32_1.4.0.202007081208/tools/bin/../lib/gcc/arm-none-eabi/7.3.1/thumb/v7e-m/fpv4-sp/hard/crti.o
 .data          0x0000000000000000        0x4 c:/st/stm32cubeide_1.3.0/stm32cubeide/plugins/com.st.stm32cube.ide.mcu.externaltools.gnu-tools-for-stm32.7-2018-q2-update.win32_1.4.0.202007081208/tools/bin/../lib/gcc/arm-none-eabi/7.3.1/thumb/v7e-m/fpv4-sp/hard/crtbegin.o
 .text          0x0000000000000000       0x74 c:/st/stm32cubeide_1.3.0/stm32cubeide/plugins/com.st.stm32cube.ide.mcu.externaltools.gnu-tools-for-stm32.7-2018-q2-update.win32_1.4.0.202007081208/tools/bin/../lib/gcc/arm-none-eabi/7.3.1/../../../../arm-none-eabi/lib/thumb/v7e-m/fpv4-sp/hard/crt0.o
 .data          0x0000000000000000        0x0 c:/st/stm32cubeide_1.3.0/stm32cubeide/plugins/com.st.stm32cube.ide.mcu.externaltools.gnu-tools-for-stm32.7-2018-q2-update.win32_1.4.0.202007081208/tools/bin/../lib/gcc/arm-none-eabi/7.3.1/../../../../arm-none-eabi/lib/thumb/v7e-m/fpv4-sp/hard/crt0.o
 .bss           0x0000000000000000        0x0 c:/st/stm32cubeide_1.3.0/stm32cubeide/plugins/com.st.stm32cube.ide.mcu.externaltools.gnu-tools-for-stm32.7-2018-q2-update.win32_1.4.0.202007081208/tools/bin/../lib/gcc/arm-none-eabi/7.3.1/../../../../arm-none-eabi/lib/thumb/v7e-m/fpv4-sp/hard/crt0.o
[...]
Memory Configuration

Name             Origin             Length             Attributes
CCMRAM           0x0000000010000000 0x0000000000001000 xrw
RAM              0x0000000020000000 0x0000000000003000 xrw
FLASH            0x0000000008000000 0x0000000000010000 xr
*default*        0x0000000000000000 0xffffffffffffffff

Linker script and memory map

LOAD c:/st/stm32cubeide_1.3.0/stm32cubeide/plugins/com.st.stm32cube.ide.mcu.externaltools.gnu-tools-for-stm32.7-2018-q2-update.win32_1.4.0.202007081208/tools/bin/../lib/gcc/arm-none-eabi/7.3.1/thumb/v7e-m/fpv4-sp/hard/crti.o
LOAD c:/st/stm32cubeide_1.3.0/stm32cubeide/plugins/com.st.stm32cube.ide.mcu.externaltools.gnu-tools-for-stm32.7-2018-q2-update.win32_1.4.0.202007081208/tools/bin/../lib/gcc/arm-none-eabi/7.3.1/thumb/v7e-m/fpv4-sp/hard/crtbegin.o
LOAD c:/st/stm32cubeide_1.3.0/stm32cubeide/plugins/com.st.stm32cube.ide.mcu.externaltools.gnu-tools-for-stm32.7-2018-q2-update.win32_1.4.0.202007081208/tools/bin/../lib/gcc/arm-none-eabi/7.3.1/../../../../arm-none-eabi/lib/thumb/v7e-m/fpv4-sp/hard/crt0.o
LOAD Core/Src/main.o
LOAD Core/Src/stm32f3xx_it.o
LOAD Core/Src/syscalls.o
LOAD Core/Src/sysmem.o
LOAD Core/Src/system_stm32f3xx.o
LOAD Core/Startup/startup_stm32f303k8tx.o
LOAD Drivers/STM32F3xx_HAL_Driver/Src/stm32f3xx_ll_dma.o
LOAD Drivers/STM32F3xx_HAL_Driver/Src/stm32f3xx_ll_exti.o
LOAD Drivers/STM32F3xx_HAL_Driver/Src/stm32f3xx_ll_gpio.o
LOAD Drivers/STM32F3xx_HAL_Driver/Src/stm32f3xx_ll_rcc.o
LOAD Drivers/STM32F3xx_HAL_Driver/Src/stm32f3xx_ll_tim.o
LOAD Drivers/STM32F3xx_HAL_Driver/Src/stm32f3xx_ll_usart.o
LOAD Drivers/STM32F3xx_HAL_Driver/Src/stm32f3xx_ll_utils.o
START GROUP
LOAD c:/st/stm32cubeide_1.3.0/stm32cubeide/plugins/com.st.stm32cube.ide.mcu.externaltools.gnu-tools-for-stm32.7-2018-q2-update.win32_1.4.0.202007081208/tools/bin/../lib/gcc/arm-none-eabi/7.3.1/../../../../arm-none-eabi/lib/thumb/v7e-m/fpv4-sp/hard\libc_nano.a
LOAD c:/st/stm32cubeide_1.3.0/stm32cubeide/plugins/com.st.stm32cube.ide.mcu.externaltools.gnu-tools-for-stm32.7-2018-q2-update.win32_1.4.0.202007081208/tools/bin/../lib/gcc/arm-none-eabi/7.3.1/../../../../arm-none-eabi/lib/thumb/v7e-m/fpv4-sp/hard\libm.a
END GROUP
START GROUP
LOAD c:/st/stm32cubeide_1.3.0/stm32cubeide/plugins/com.st.stm32cube.ide.mcu.externaltools.gnu-tools-for-stm32.7-2018-q2-update.win32_1.4.0.202007081208/tools/bin/../lib/gcc/arm-none-eabi/7.3.1/thumb/v7e-m/fpv4-sp/hard\libgcc.a
LOAD c:/st/stm32cubeide_1.3.0/stm32cubeide/plugins/com.st.stm32cube.ide.mcu.externaltools.gnu-tools-for-stm32.7-2018-q2-update.win32_1.4.0.202007081208/tools/bin/../lib/gcc/arm-none-eabi/7.3.1/../../../../arm-none-eabi/lib/thumb/v7e-m/fpv4-sp/hard\libc_nano.a
END GROUP
START GROUP
LOAD c:/st/stm32cubeide_1.3.0/stm32cubeide/plugins/com.st.stm32cube.ide.mcu.externaltools.gnu-tools-for-stm32.7-2018-q2-update.win32_1.4.0.202007081208/tools/bin/../lib/gcc/arm-none-eabi/7.3.1/thumb/v7e-m/fpv4-sp/hard\libgcc.a
LOAD c:/st/stm32cubeide_1.3.0/stm32cubeide/plugins/com.st.stm32cube.ide.mcu.externaltools.gnu-tools-for-stm32.7-2018-q2-update.win32_1.4.0.202007081208/tools/bin/../lib/gcc/arm-none-eabi/7.3.1/../../../../arm-none-eabi/lib/thumb/v7e-m/fpv4-sp/hard\libc_nano.a
LOAD c:/st/stm32cubeide_1.3.0/stm32cubeide/plugins/com.st.stm32cube.ide.mcu.externaltools.gnu-tools-for-stm32.7-2018-q2-update.win32_1.4.0.202007081208/tools/bin/../lib/gcc/arm-none-eabi/7.3.1/../../../../arm-none-eabi/lib/thumb/v7e-m/fpv4-sp/hard\libnosys.a
END GROUP
START GROUP
LOAD c:/st/stm32cubeide_1.3.0/stm32cubeide/plugins/com.st.stm32cube.ide.mcu.externaltools.gnu-tools-for-stm32.7-2018-q2-update.win32_1.4.0.202007081208/tools/bin/../lib/gcc/arm-none-eabi/7.3.1/thumb/v7e-m/fpv4-sp/hard\libgcc.a
LOAD c:/st/stm32cubeide_1.3.0/stm32cubeide/plugins/com.st.stm32cube.ide.mcu.externaltools.gnu-tools-for-stm32.7-2018-q2-update.win32_1.4.0.202007081208/tools/bin/../lib/gcc/arm-none-eabi/7.3.1/../../../../arm-none-eabi/lib/thumb/v7e-m/fpv4-sp/hard\libc_nano.a
LOAD c:/st/stm32cubeide_1.3.0/stm32cubeide/plugins/com.st.stm32cube.ide.mcu.externaltools.gnu-tools-for-stm32.7-2018-q2-update.win32_1.4.0.202007081208/tools/bin/../lib/gcc/arm-none-eabi/7.3.1/../../../../arm-none-eabi/lib/thumb/v7e-m/fpv4-sp/hard\libnosys.a
END GROUP
LOAD c:/st/stm32cubeide_1.3.0/stm32cubeide/plugins/com.st.stm32cube.ide.mcu.externaltools.gnu-tools-for-stm32.7-2018-q2-update.win32_1.4.0.202007081208/tools/bin/../lib/gcc/arm-none-eabi/7.3.1/thumb/v7e-m/fpv4-sp/hard/crtend.o
LOAD c:/st/stm32cubeide_1.3.0/stm32cubeide/plugins/com.st.stm32cube.ide.mcu.externaltools.gnu-tools-for-stm32.7-2018-q2-update.win32_1.4.0.202007081208/tools/bin/../lib/gcc/arm-none-eabi/7.3.1/thumb/v7e-m/fpv4-sp/hard/crtn.o
                0x0000000020003000                _estack = (ORIGIN (RAM) + LENGTH (RAM))
                0x0000000000000200                _Min_Heap_Size = 0x200
                0x0000000000000400                _Min_Stack_Size = 0x400

.isr_vector     0x0000000008000000      0x188
                0x0000000008000000                . = ALIGN (0x4)
 *(.isr_vector)
 .isr_vector    0x0000000008000000      0x188 Core/Startup/startup_stm32f303k8tx.o
                0x0000000008000000                g_pfnVectors
                0x0000000008000188                . = ALIGN (0x4)

.text           0x0000000008000188     0x2608
                0x0000000008000188                . = ALIGN (0x4)
 *(.text)
 .text          0x0000000008000188       0x40 c:/st/stm32cubeide_1.3.0/stm32cubeide/plugins/com.st.stm32cube.ide.mcu.externaltools.gnu-tools-for-stm32.7-2018-q2-update.win32_1.4.0.202007081208/tools/bin/../lib/gcc/arm-none-eabi/7.3.1/thumb/v7e-m/fpv4-sp/hard/crtbegin.o
 *(.text*)
 .text.__NVIC_SetPriorityGrouping
                0x00000000080001c8       0x48 Core/Src/main.o
 .text.__NVIC_GetPriorityGrouping
                0x0000000008000210       0x1c Core/Src/main.o
 .text.__NVIC_EnableIRQ
                0x000000000800022c       0x3c Core/Src/main.o
 .text.__NVIC_SetPriority
                0x0000000008000268       0x54 Core/Src/main.o
 .text.NVIC_EncodePriority
                0x00000000080002bc       0x66 Core/Src/main.o
 *fill*         0x0000000008000322        0x2 
 .text.LL_DMA_SetDataTransferDirection
                0x0000000008000324       0x4c Core/Src/main.o
 .text.LL_DMA_SetMode
                0x0000000008000370       0x48 Core/Src/main.o
 .text.LL_DMA_SetPeriphIncMode
                0x00000000080003b8       0x48 Core/Src/main.o
 .text.LL_DMA_SetMemoryIncMode
                0x0000000008000400       0x48 Core/Src/main.o
 .text.LL_DMA_SetPeriphSize
                0x0000000008000448       0x48 Core/Src/main.o
 .text.LL_DMA_SetMemorySize
                0x0000000008000490       0x48 Core/Src/main.o
 .text.LL_DMA_SetChannelPriorityLevel
                0x00000000080004d8       0x48 Core/Src/main.o
 .text.LL_RCC_HSI_Enable
                0x0000000008000520       0x20 Core/Src/main.o
 .text.LL_RCC_HSI_IsReady
                0x0000000008000540       0x24 Core/Src/main.o
 .text.LL_RCC_HSI_SetCalibTrimming
                0x0000000008000564       0x2c Core/Src/main.o
 .text.LL_RCC_SetSysClkSource
                0x0000000008000590       0x28 Core/Src/main.o
 .text.LL_RCC_GetSysClkSource
                0x00000000080005b8       0x1c Core/Src/main.o
 .text.LL_RCC_SetAHBPrescaler
                0x00000000080005d4       0x28 Core/Src/main.o
 .text.LL_RCC_SetAPB1Prescaler
                0x00000000080005fc       0x28 Core/Src/main.o
 .text.LL_RCC_SetAPB2Prescaler
                0x0000000008000624       0x28 Core/Src/main.o
 .text.LL_AHB1_GRP1_EnableClock
                0x000000000800064c       0x30 Core/Src/main.o
 .text.LL_APB1_GRP1_EnableClock
                0x000000000800067c       0x30 Core/Src/main.o
 .text.LL_APB2_GRP1_EnableClock
                0x00000000080006ac       0x30 Core/Src/main.o
 .text.LL_FLASH_SetLatency
                0x00000000080006dc       0x28 Core/Src/main.o
 .text.LL_FLASH_GetLatency
                0x0000000008000704       0x1c Core/Src/main.o
 .text.LL_TIM_EnableCounter
                0x0000000008000720       0x20 Core/Src/main.o
 .text.LL_TIM_EnableARRPreload
                0x0000000008000740       0x20 Core/Src/main.o
 .text.LL_TIM_DisableARRPreload
                0x0000000008000760       0x20 Core/Src/main.o
 .text.LL_TIM_CC_EnableChannel
                0x0000000008000780       0x22 Core/Src/main.o
 *fill*         0x00000000080007a2        0x2 
 .text.LL_TIM_OC_DisableFast
                0x00000000080007a4       0x9c Core/Src/main.o
 .text.LL_TIM_OC_EnablePreload
                0x0000000008000840       0x9c Core/Src/main.o
 .text.LL_TIM_SetClockSource
                0x00000000080008dc       0x2a Core/Src/main.o
 .text.LL_TIM_SetTriggerOutput
                0x0000000008000906       0x26 Core/Src/main.o
 .text.LL_TIM_DisableMasterSlaveMode
                0x000000000800092c       0x20 Core/Src/main.o
 .text.LL_TIM_EnableIT_UPDATE
                0x000000000800094c       0x20 Core/Src/main.o
 .text.LL_USART_Enable
                0x000000000800096c       0x20 Core/Src/main.o
 .text.LL_USART_ConfigAsyncMode
                0x000000000800098c       0x2c Core/Src/main.o
 .text.LL_USART_DisableIT_CTS
                0x00000000080009b8       0x20 Core/Src/main.o
 .text.LL_GPIO_ResetOutputPin
                0x00000000080009d8       0x1c Core/Src/main.o
 .text.my_str_cpy
                0x00000000080009f4       0x62 Core/Src/main.o
                0x00000000080009f4                my_str_cpy
 *fill*         0x0000000008000a56        0x2 
 .text.inic_dma_tx
                0x0000000008000a58       0x50 Core/Src/main.o
                0x0000000008000a58                inic_dma_tx
 .text.set_rx_dma_starting_point
                0x0000000008000aa8       0x38 Core/Src/main.o
                0x0000000008000aa8                set_rx_dma_starting_point
 .text.inic_dma_rx_and_it_ilde
                0x0000000008000ae0       0x64 Core/Src/main.o
                0x0000000008000ae0                inic_dma_rx_and_it_ilde
 .text.enable_dma_and_transmitt
                0x0000000008000b44       0x38 Core/Src/main.o
                0x0000000008000b44                enable_dma_and_transmitt
 .text.start_tim17_with_IT
                0x0000000008000b7c       0x20 Core/Src/main.o
                0x0000000008000b7c                start_tim17_with_IT
 .text.write_to_tx_buf_number
                0x0000000008000b9c       0x4a Core/Src/main.o
                0x0000000008000b9c                write_to_tx_buf_number
 *fill*         0x0000000008000be6        0x2 
 .text.tim_17_1_sec_delay
                0x0000000008000be8       0x6c Core/Src/main.o
                0x0000000008000be8                tim_17_1_sec_delay
 .text.my_str_cmp
                0x0000000008000c54       0x4c Core/Src/main.o
                0x0000000008000c54                my_str_cmp
 .text.setDutyCycle
                0x0000000008000ca0       0x30 Core/Src/main.o
                0x0000000008000ca0                setDutyCycle
 .text.test_input_data
                0x0000000008000cd0      0x170 Core/Src/main.o
                0x0000000008000cd0                test_input_data
 .text.test_data
                0x0000000008000e40       0xcc Core/Src/main.o
                0x0000000008000e40                test_data
 .text.main     0x0000000008000f0c      0x13c Core/Src/main.o
                0x0000000008000f0c                main
 .text.SystemClock_Config
                0x0000000008001048       0x64 Core/Src/main.o
                0x0000000008001048                SystemClock_Config
 .text.MX_TIM2_Init
                0x00000000080010ac      0x10a Core/Src/main.o
 *fill*         0x00000000080011b6        0x2 
 .text.MX_TIM17_Init
                0x00000000080011b8       0x70 Core/Src/main.o
 .text.MX_USART2_UART_Init
                0x0000000008001228      0x158 Core/Src/main.o
 .text.MX_DMA_Init
                0x0000000008001380       0x4e Core/Src/main.o
 *fill*         0x00000000080013ce        0x2 
 .text.MX_GPIO_Init
                0x00000000080013d0       0x60 Core/Src/main.o
 .text.NMI_Handler
                0x0000000008001430        0xe Core/Src/stm32f3xx_it.o
                0x0000000008001430                NMI_Handler
 .text.HardFault_Handler
                0x000000000800143e        0x6 Core/Src/stm32f3xx_it.o
                0x000000000800143e                HardFault_Handler
 .text.MemManage_Handler
                0x0000000008001444        0x6 Core/Src/stm32f3xx_it.o
                0x0000000008001444                MemManage_Handler
 .text.BusFault_Handler
                0x000000000800144a        0x6 Core/Src/stm32f3xx_it.o
                0x000000000800144a                BusFault_Handler
 .text.UsageFault_Handler
                0x0000000008001450        0x6 Core/Src/stm32f3xx_it.o
                0x0000000008001450                UsageFault_Handler
 .text.SVC_Handler
                0x0000000008001456        0xe Core/Src/stm32f3xx_it.o
                0x0000000008001456                SVC_Handler
 .text.DebugMon_Handler
                0x0000000008001464        0xe Core/Src/stm32f3xx_it.o
                0x0000000008001464                DebugMon_Handler
 .text.PendSV_Handler
                0x0000000008001472        0xe Core/Src/stm32f3xx_it.o
                0x0000000008001472                PendSV_Handler
 .text.SysTick_Handler
                0x0000000008001480        0xe Core/Src/stm32f3xx_it.o
                0x0000000008001480                SysTick_Handler
 *fill*         0x000000000800148e        0x2 
 .text.DMA1_Channel6_IRQHandler
                0x0000000008001490       0x5c Core/Src/stm32f3xx_it.o
                0x0000000008001490                DMA1_Channel6_IRQHandler
 .text.DMA1_Channel7_IRQHandler
                0x00000000080014ec       0x38 Core/Src/stm32f3xx_it.o
                0x00000000080014ec                DMA1_Channel7_IRQHandler
 .text.TIM1_TRG_COM_TIM17_IRQHandler
                0x0000000008001524       0x30 Core/Src/stm32f3xx_it.o
                0x0000000008001524                TIM1_TRG_COM_TIM17_IRQHandler
 .text.TIM2_IRQHandler
                0x0000000008001554       0xf8 Core/Src/stm32f3xx_it.o
                0x0000000008001554                TIM2_IRQHandler
 .text.USART2_IRQHandler
                0x000000000800164c       0x3c Core/Src/stm32f3xx_it.o
                0x000000000800164c                USART2_IRQHandler
 .text.SystemInit
                0x0000000008001688       0x2c Core/Src/system_stm32f3xx.o
                0x0000000008001688                SystemInit
 .text.Reset_Handler
                0x00000000080016b4       0x50 Core/Startup/startup_stm32f303k8tx.o
                0x00000000080016b4                Reset_Handler
 .text.Default_Handler
                0x0000000008001704        0x2 Core/Startup/startup_stm32f303k8tx.o
                0x0000000008001704                RTC_Alarm_IRQHandler
                0x0000000008001704                TIM1_CC_IRQHandler
                0x0000000008001704                PVD_IRQHandler
                0x0000000008001704                TAMP_STAMP_IRQHandler
                0x0000000008001704                EXTI3_IRQHandler
                0x0000000008001704                EXTI0_IRQHandler
                0x0000000008001704                FPU_IRQHandler
                0x0000000008001704                CAN_TX_IRQHandler
                0x0000000008001704                TIM1_UP_TIM16_IRQHandler
                0x0000000008001704                ADC1_2_IRQHandler
                0x0000000008001704                SPI1_IRQHandler
                0x0000000008001704                CAN_SCE_IRQHandler
                0x0000000008001704                DMA1_Channel4_IRQHandler
                0x0000000008001704                USART3_IRQHandler
                0x0000000008001704                TIM7_DAC2_IRQHandler
                0x0000000008001704                CAN_RX1_IRQHandler
                0x0000000008001704                I2C1_EV_IRQHandler
                0x0000000008001704                TIM3_IRQHandler
                0x0000000008001704                RCC_IRQHandler
                0x0000000008001704                DMA1_Channel1_IRQHandler
                0x0000000008001704                Default_Handler
                0x0000000008001704                EXTI15_10_IRQHandler
                0x0000000008001704                COMP2_IRQHandler
                0x0000000008001704                TIM6_DAC1_IRQHandler
                0x0000000008001704                EXTI9_5_IRQHandler
                0x0000000008001704                RTC_WKUP_IRQHandler
                0x0000000008001704                DMA1_Channel5_IRQHandler
                0x0000000008001704                EXTI4_IRQHandler
                0x0000000008001704                DMA1_Channel3_IRQHandler
                0x0000000008001704                WWDG_IRQHandler
                0x0000000008001704                EXTI1_IRQHandler
                0x0000000008001704                COMP4_6_IRQHandler
                0x0000000008001704                DMA1_Channel2_IRQHandler
                0x0000000008001704                FLASH_IRQHandler
                0x0000000008001704                USART1_IRQHandler
                0x0000000008001704                CAN_RX0_IRQHandler
                0x0000000008001704                I2C1_ER_IRQHandler
                0x0000000008001704                EXTI2_TSC_IRQHandler
                0x0000000008001704                TIM1_BRK_TIM15_IRQHandler
 .text.LL_GPIO_SetPinMode
                0x0000000008001706       0x5e Drivers/STM32F3xx_HAL_Driver/Src/stm32f3xx_ll_gpio.o
 .text.LL_GPIO_SetPinOutputType
                0x0000000008001764       0x30 Drivers/STM32F3xx_HAL_Driver/Src/stm32f3xx_ll_gpio.o
 .text.LL_GPIO_SetPinSpeed
                0x0000000008001794       0x5e Drivers/STM32F3xx_HAL_Driver/Src/stm32f3xx_ll_gpio.o
 .text.LL_GPIO_SetPinPull
                0x00000000080017f2       0x5e Drivers/STM32F3xx_HAL_Driver/Src/stm32f3xx_ll_gpio.o
 .text.LL_GPIO_SetAFPin_0_7
                0x0000000008001850       0x5e Drivers/STM32F3xx_HAL_Driver/Src/stm32f3xx_ll_gpio.o
 .text.LL_GPIO_SetAFPin_8_15
                0x00000000080018ae       0x62 Drivers/STM32F3xx_HAL_Driver/Src/stm32f3xx_ll_gpio.o
 .text.LL_GPIO_Init
                0x0000000008001910       0xe0 Drivers/STM32F3xx_HAL_Driver/Src/stm32f3xx_ll_gpio.o
                0x0000000008001910                LL_GPIO_Init
 .text.LL_RCC_HSI_IsReady
                0x00000000080019f0       0x24 Drivers/STM32F3xx_HAL_Driver/Src/stm32f3xx_ll_rcc.o
 .text.LL_RCC_LSE_IsReady
                0x0000000008001a14       0x24 Drivers/STM32F3xx_HAL_Driver/Src/stm32f3xx_ll_rcc.o
 .text.LL_RCC_GetSysClkSource
                0x0000000008001a38       0x1c Drivers/STM32F3xx_HAL_Driver/Src/stm32f3xx_ll_rcc.o
 .text.LL_RCC_GetAHBPrescaler
                0x0000000008001a54       0x1c Drivers/STM32F3xx_HAL_Driver/Src/stm32f3xx_ll_rcc.o
 .text.LL_RCC_GetAPB1Prescaler
                0x0000000008001a70       0x1c Drivers/STM32F3xx_HAL_Driver/Src/stm32f3xx_ll_rcc.o
 .text.LL_RCC_GetAPB2Prescaler
                0x0000000008001a8c       0x1c Drivers/STM32F3xx_HAL_Driver/Src/stm32f3xx_ll_rcc.o
 .text.LL_RCC_GetUSARTClockSource
                0x0000000008001aa8       0x2c Drivers/STM32F3xx_HAL_Driver/Src/stm32f3xx_ll_rcc.o
 .text.LL_RCC_PLL_GetMainSource
                0x0000000008001ad4       0x1c Drivers/STM32F3xx_HAL_Driver/Src/stm32f3xx_ll_rcc.o
 .text.LL_RCC_PLL_GetMultiplicator
                0x0000000008001af0       0x1c Drivers/STM32F3xx_HAL_Driver/Src/stm32f3xx_ll_rcc.o
 .text.LL_RCC_PLL_GetPrediv
                0x0000000008001b0c       0x1c Drivers/STM32F3xx_HAL_Driver/Src/stm32f3xx_ll_rcc.o
 .text.LL_RCC_GetSystemClocksFreq
                0x0000000008001b28       0x4a Drivers/STM32F3xx_HAL_Driver/Src/stm32f3xx_ll_rcc.o
                0x0000000008001b28                LL_RCC_GetSystemClocksFreq
 *fill*         0x0000000008001b72        0x2 
 .text.LL_RCC_GetUSARTClockFreq
                0x0000000008001b74       0x80 Drivers/STM32F3xx_HAL_Driver/Src/stm32f3xx_ll_rcc.o
                0x0000000008001b74                LL_RCC_GetUSARTClockFreq
 .text.RCC_GetSystemClockFreq
                0x0000000008001bf4       0x44 Drivers/STM32F3xx_HAL_Driver/Src/stm32f3xx_ll_rcc.o
                0x0000000008001bf4                RCC_GetSystemClockFreq
 .text.RCC_GetHCLKClockFreq
                0x0000000008001c38       0x2c Drivers/STM32F3xx_HAL_Driver/Src/stm32f3xx_ll_rcc.o
                0x0000000008001c38                RCC_GetHCLKClockFreq
 .text.RCC_GetPCLK1ClockFreq
                0x0000000008001c64       0x28 Drivers/STM32F3xx_HAL_Driver/Src/stm32f3xx_ll_rcc.o
                0x0000000008001c64                RCC_GetPCLK1ClockFreq
 .text.RCC_GetPCLK2ClockFreq
                0x0000000008001c8c       0x28 Drivers/STM32F3xx_HAL_Driver/Src/stm32f3xx_ll_rcc.o
                0x0000000008001c8c                RCC_GetPCLK2ClockFreq
 .text.RCC_PLL_GetFreqDomain_SYS
                0x0000000008001cb4       0x7c Drivers/STM32F3xx_HAL_Driver/Src/stm32f3xx_ll_rcc.o
                0x0000000008001cb4                RCC_PLL_GetFreqDomain_SYS
 .text.LL_TIM_SetPrescaler
                0x0000000008001d30       0x1c Drivers/STM32F3xx_HAL_Driver/Src/stm32f3xx_ll_tim.o
 .text.LL_TIM_SetAutoReload
                0x0000000008001d4c       0x1c Drivers/STM32F3xx_HAL_Driver/Src/stm32f3xx_ll_tim.o
 .text.LL_TIM_SetRepetitionCounter
                0x0000000008001d68       0x1c Drivers/STM32F3xx_HAL_Driver/Src/stm32f3xx_ll_tim.o
 .text.LL_TIM_OC_SetCompareCH1
                0x0000000008001d84       0x1c Drivers/STM32F3xx_HAL_Driver/Src/stm32f3xx_ll_tim.o
 .text.LL_TIM_OC_SetCompareCH2
                0x0000000008001da0       0x1c Drivers/STM32F3xx_HAL_Driver/Src/stm32f3xx_ll_tim.o
 .text.LL_TIM_OC_SetCompareCH3
                0x0000000008001dbc       0x1c Drivers/STM32F3xx_HAL_Driver/Src/stm32f3xx_ll_tim.o
 .text.LL_TIM_OC_SetCompareCH4
                0x0000000008001dd8       0x1c Drivers/STM32F3xx_HAL_Driver/Src/stm32f3xx_ll_tim.o
 .text.LL_TIM_OC_SetCompareCH5
                0x0000000008001df4       0x20 Drivers/STM32F3xx_HAL_Driver/Src/stm32f3xx_ll_tim.o
 .text.LL_TIM_OC_SetCompareCH6
                0x0000000008001e14       0x1c Drivers/STM32F3xx_HAL_Driver/Src/stm32f3xx_ll_tim.o
 .text.LL_TIM_GenerateEvent_UPDATE
                0x0000000008001e30       0x20 Drivers/STM32F3xx_HAL_Driver/Src/stm32f3xx_ll_tim.o
 .text.LL_TIM_Init
                0x0000000008001e50       0xe4 Drivers/STM32F3xx_HAL_Driver/Src/stm32f3xx_ll_tim.o
                0x0000000008001e50                LL_TIM_Init
 .text.LL_TIM_OC_Init
                0x0000000008001f34       0x9a Drivers/STM32F3xx_HAL_Driver/Src/stm32f3xx_ll_tim.o
                0x0000000008001f34                LL_TIM_OC_Init
 *fill*         0x0000000008001fce        0x2 
 .text.OC1Config
                0x0000000008001fd0       0xf4 Drivers/STM32F3xx_HAL_Driver/Src/stm32f3xx_ll_tim.o
 .text.OC2Config
                0x00000000080020c4       0xfc Drivers/STM32F3xx_HAL_Driver/Src/stm32f3xx_ll_tim.o
 .text.OC3Config
                0x00000000080021c0       0xfc Drivers/STM32F3xx_HAL_Driver/Src/stm32f3xx_ll_tim.o
 .text.OC4Config
                0x00000000080022bc       0xcc Drivers/STM32F3xx_HAL_Driver/Src/stm32f3xx_ll_tim.o
 .text.OC5Config
                0x0000000008002388       0xbc Drivers/STM32F3xx_HAL_Driver/Src/stm32f3xx_ll_tim.o
 .text.OC6Config
                0x0000000008002444       0xbc Drivers/STM32F3xx_HAL_Driver/Src/stm32f3xx_ll_tim.o
 .text.LL_USART_IsEnabled
                0x0000000008002500       0x26 Drivers/STM32F3xx_HAL_Driver/Src/stm32f3xx_ll_usart.o
 .text.LL_USART_SetStopBitsLength
                0x0000000008002526       0x26 Drivers/STM32F3xx_HAL_Driver/Src/stm32f3xx_ll_usart.o
 .text.LL_USART_SetHWFlowCtrl
                0x000000000800254c       0x26 Drivers/STM32F3xx_HAL_Driver/Src/stm32f3xx_ll_usart.o
 .text.LL_USART_SetBaudRate
                0x0000000008002572       0x64 Drivers/STM32F3xx_HAL_Driver/Src/stm32f3xx_ll_usart.o
 *fill*         0x00000000080025d6        0x2 
 .text.LL_USART_Init
                0x00000000080025d8       0xd8 Drivers/STM32F3xx_HAL_Driver/Src/stm32f3xx_ll_usart.o
                0x00000000080025d8                LL_USART_Init
 .text.LL_InitTick
                0x00000000080026b0       0x34 Drivers/STM32F3xx_HAL_Driver/Src/stm32f3xx_ll_utils.o
 .text.LL_Init1msTick
                0x00000000080026e4       0x1a Drivers/STM32F3xx_HAL_Driver/Src/stm32f3xx_ll_utils.o
                0x00000000080026e4                LL_Init1msTick
 *fill*         0x00000000080026fe        0x2 
 .text.LL_SetSystemCoreClock
                0x0000000008002700       0x20 Drivers/STM32F3xx_HAL_Driver/Src/stm32f3xx_ll_utils.o
                0x0000000008002700                LL_SetSystemCoreClock
 .text.__libc_init_array
                0x0000000008002720       0x48 c:/st/stm32cubeide_1.3.0/stm32cubeide/plugins/com.st.stm32cube.ide.mcu.externaltools.gnu-tools-for-stm32.7-2018-q2-update.win32_1.4.0.202007081208/tools/bin/../lib/gcc/arm-none-eabi/7.3.1/../../../../arm-none-eabi/lib/thumb/v7e-m/fpv4-sp/hard\libc_nano.a(lib_a-init.o)
                0x0000000008002720                __libc_init_array
 .text.memset   0x0000000008002768       0x10 c:/st/stm32cubeide_1.3.0/stm32cubeide/plugins/com.st.stm32cube.ide.mcu.externaltools.gnu-tools-for-stm32.7-2018-q2-update.win32_1.4.0.202007081208/tools/bin/../lib/gcc/arm-none-eabi/7.3.1/../../../../arm-none-eabi/lib/thumb/v7e-m/fpv4-sp/hard\libc_nano.a(lib_a-memset.o)
                0x0000000008002768                memset
 *(.glue_7)
 .glue_7        0x0000000008002778        0x0 linker stubs
 *(.glue_7t)
 .glue_7t       0x0000000008002778        0x0 linker stubs
 *(.eh_frame)
 .eh_frame      0x0000000008002778        0x0 c:/st/stm32cubeide_1.3.0/stm32cubeide/plugins/com.st.stm32cube.ide.mcu.externaltools.gnu-tools-for-stm32.7-2018-q2-update.win32_1.4.0.202007081208/tools/bin/../lib/gcc/arm-none-eabi/7.3.1/thumb/v7e-m/fpv4-sp/hard/crtbegin.o
 *(.init)
 .init          0x0000000008002778        0x4 c:/st/stm32cubeide_1.3.0/stm32cubeide/plugins/com.st.stm32cube.ide.mcu.externaltools.gnu-tools-for-stm32.7-2018-q2-update.win32_1.4.0.202007081208/tools/bin/../lib/gcc/arm-none-eabi/7.3.1/thumb/v7e-m/fpv4-sp/hard/crti.o
                0x0000000008002778                _init
 .init          0x000000000800277c        0x8 c:/st/stm32cubeide_1.3.0/stm32cubeide/plugins/com.st.stm32cube.ide.mcu.externaltools.gnu-tools-for-stm32.7-2018-q2-update.win32_1.4.0.202007081208/tools/bin/../lib/gcc/arm-none-eabi/7.3.1/thumb/v7e-m/fpv4-sp/hard/crtn.o
 *(.fini)
 .fini          0x0000000008002784        0x4 c:/st/stm32cubeide_1.3.0/stm32cubeide/plugins/com.st.stm32cube.ide.mcu.externaltools.gnu-tools-for-stm32.7-2018-q2-update.win32_1.4.0.202007081208/tools/bin/../lib/gcc/arm-none-eabi/7.3.1/thumb/v7e-m/fpv4-sp/hard/crti.o
                0x0000000008002784                _fini
 .fini          0x0000000008002788        0x8 c:/st/stm32cubeide_1.3.0/stm32cubeide/plugins/com.st.stm32cube.ide.mcu.externaltools.gnu-tools-for-stm32.7-2018-q2-update.win32_1.4.0.202007081208/tools/bin/../lib/gcc/arm-none-eabi/7.3.1/thumb/v7e-m/fpv4-sp/hard/crtn.o
                0x0000000008002790                . = ALIGN (0x4)
                0x0000000008002790                _etext = .

.vfp11_veneer   0x0000000008002790        0x0
 .vfp11_veneer  0x0000000008002790        0x0 linker stubs

.v4_bx          0x0000000008002790        0x0
 .v4_bx         0x0000000008002790        0x0 linker stubs

.iplt           0x0000000008002790        0x0
 .iplt          0x0000000008002790        0x0 c:/st/stm32cubeide_1.3.0/stm32cubeide/plugins/com.st.stm32cube.ide.mcu.externaltools.gnu-tools-for-stm32.7-2018-q2-update.win32_1.4.0.202007081208/tools/bin/../lib/gcc/arm-none-eabi/7.3.1/thumb/v7e-m/fpv4-sp/hard/crtbegin.o

.rodata         0x0000000008002790       0x90
                0x0000000008002790                . = ALIGN (0x4)
 *(.rodata)
 .rodata        0x0000000008002790       0x55 Core/Src/main.o
 *(.rodata*)
 *fill*         0x00000000080027e5        0x3 
 .rodata.CHANNEL_OFFSET_TAB
                0x00000000080027e8        0x7 Core/Src/main.o
 *fill*         0x00000000080027ef        0x1 
 .rodata.OFFSET_TAB_CCMRx
                0x00000000080027f0        0x9 Core/Src/main.o
 *fill*         0x00000000080027f9        0x3 
 .rodata.SHIFT_TAB_OCxx
                0x00000000080027fc        0x9 Core/Src/main.o
 *fill*         0x0000000008002805        0x3 
 .rodata.AHBPrescTable
                0x0000000008002808       0x10 Core/Src/system_stm32f3xx.o
                0x0000000008002808                AHBPrescTable
 .rodata.APBPrescTable
                0x0000000008002818        0x8 Core/Src/system_stm32f3xx.o
                0x0000000008002818                APBPrescTable
                0x0000000008002820                . = ALIGN (0x4)

.rel.dyn        0x0000000008002820        0x0
 .rel.iplt      0x0000000008002820        0x0 c:/st/stm32cubeide_1.3.0/stm32cubeide/plugins/com.st.stm32cube.ide.mcu.externaltools.gnu-tools-for-stm32.7-2018-q2-update.win32_1.4.0.202007081208/tools/bin/../lib/gcc/arm-none-eabi/7.3.1/thumb/v7e-m/fpv4-sp/hard/crtbegin.o

.ARM.extab      0x0000000008002820        0x0
                0x0000000008002820                . = ALIGN (0x4)
 *(.ARM.extab* .gnu.linkonce.armextab.*)
                0x0000000008002820                . = ALIGN (0x4)

.ARM            0x0000000008002820        0x0
                0x0000000008002820                . = ALIGN (0x4)
                0x0000000008002820                __exidx_start = .
 *(.ARM.exidx*)
                0x0000000008002820                __exidx_end = .
                0x0000000008002820                . = ALIGN (0x4)

.preinit_array  0x0000000008002820        0x0
                0x0000000008002820                . = ALIGN (0x4)
                0x0000000008002820                PROVIDE (__preinit_array_start = .)
 *(.preinit_array*)
                0x0000000008002820                PROVIDE (__preinit_array_end = .)
                0x0000000008002820                . = ALIGN (0x4)

.init_array     0x0000000008002820        0x4
                0x0000000008002820                . = ALIGN (0x4)
                0x0000000008002820                PROVIDE (__init_array_start = .)
 *(SORT_BY_NAME(.init_array.*))
 *(.init_array*)
 .init_array    0x0000000008002820        0x4 c:/st/stm32cubeide_1.3.0/stm32cubeide/plugins/com.st.stm32cube.ide.mcu.externaltools.gnu-tools-for-stm32.7-2018-q2-update.win32_1.4.0.202007081208/tools/bin/../lib/gcc/arm-none-eabi/7.3.1/thumb/v7e-m/fpv4-sp/hard/crtbegin.o
                0x0000000008002824                PROVIDE (__init_array_end = .)
                0x0000000008002824                . = ALIGN (0x4)

.fini_array     0x0000000008002824        0x4
                0x0000000008002824                . = ALIGN (0x4)
                [!provide]                        PROVIDE (__fini_array_start = .)
 *(SORT_BY_NAME(.fini_array.*))
 *(.fini_array*)
 .fini_array    0x0000000008002824        0x4 c:/st/stm32cubeide_1.3.0/stm32cubeide/plugins/com.st.stm32cube.ide.mcu.externaltools.gnu-tools-for-stm32.7-2018-q2-update.win32_1.4.0.202007081208/tools/bin/../lib/gcc/arm-none-eabi/7.3.1/thumb/v7e-m/fpv4-sp/hard/crtbegin.o
                [!provide]                        PROVIDE (__fini_array_end = .)
                0x0000000008002828                . = ALIGN (0x4)
                0x0000000008002828                _sidata = LOADADDR (.data)

.data           0x0000000020000000        0x8 load address 0x0000000008002828
                0x0000000020000000                . = ALIGN (0x4)
                0x0000000020000000                _sdata = .
 *(.data)
 *(.data*)
 .data.next_char
                0x0000000020000000        0x4 Core/Src/main.o
                0x0000000020000000                next_char
 .data.SystemCoreClock
                0x0000000020000004        0x4 Core/Src/system_stm32f3xx.o
                0x0000000020000004                SystemCoreClock
                0x0000000020000008                . = ALIGN (0x4)
                0x0000000020000008                _edata = .

.igot.plt       0x0000000020000008        0x0 load address 0x0000000008002830
 .igot.plt      0x0000000020000008        0x0 c:/st/stm32cubeide_1.3.0/stm32cubeide/plugins/com.st.stm32cube.ide.mcu.externaltools.gnu-tools-for-stm32.7-2018-q2-update.win32_1.4.0.202007081208/tools/bin/../lib/gcc/arm-none-eabi/7.3.1/thumb/v7e-m/fpv4-sp/hard/crtbegin.o
                0x0000000020000008                . = ALIGN (0x4)

.bss            0x0000000020000008      0x158 load address 0x0000000008002830
                0x0000000020000008                _sbss = .
                0x0000000020000008                __bss_start__ = _sbss
 *(.bss)
 .bss           0x0000000020000008       0x1c c:/st/stm32cubeide_1.3.0/stm32cubeide/plugins/com.st.stm32cube.ide.mcu.externaltools.gnu-tools-for-stm32.7-2018-q2-update.win32_1.4.0.202007081208/tools/bin/../lib/gcc/arm-none-eabi/7.3.1/thumb/v7e-m/fpv4-sp/hard/crtbegin.o
 *(.bss*)
 .bss.PWM_duty_cycle
                0x0000000020000024        0x1 Core/Src/main.o
                0x0000000020000024                PWM_duty_cycle
 .bss.PWM_duty_wish
                0x0000000020000025        0x1 Core/Src/main.o
                0x0000000020000025                PWM_duty_wish
 .bss.mode      0x0000000020000026        0x1 Core/Src/main.o
                0x0000000020000026                mode
 .bss.mode_2    0x0000000020000027        0x1 Core/Src/main.o
                0x0000000020000027                mode_2
 *(COMMON)
 COMMON         0x0000000020000028      0x138 Core/Src/main.o
                0x0000000020000028                rx_buff
                0x000000002000012c                temp_buff
                0x0000000020000140                tx_buff
                0x0000000020000160                . = ALIGN (0x4)
                0x0000000020000160                _ebss = .
                0x0000000020000160                __bss_end__ = _ebss

._user_heap_stack
                0x0000000020000160      0x600 load address 0x0000000008002830
                0x0000000020000160                . = ALIGN (0x8)
                [!provide]                        PROVIDE (end = .)
                0x0000000020000160                PROVIDE (_end = .)
                0x0000000020000360                . = (. + _Min_Heap_Size)
 *fill*         0x0000000020000160      0x200 
                0x0000000020000760                . = (. + _Min_Stack_Size)
 *fill*         0x0000000020000360      0x400 
                0x0000000020000760                . = ALIGN (0x8)

/DISCARD/
 libc.a(*)
 libm.a(*)
 libgcc.a(*)

.ARM.attributes
                0x0000000000000000       0x30
 *(.ARM.attributes)
 .ARM.attributes
                0x0000000000000000       0x22 c:/st/stm32cubeide_1.3.0/stm32cubeide/plugins/com.st.stm32cube.ide.mcu.externaltools.gnu-tools-for-stm32.7-2018-q2-update.win32_1.4.0.202007081208/tools/bin/../lib/gcc/arm-none-eabi/7.3.1/thumb/v7e-m/fpv4-sp/hard/crti.o
 .ARM.attributes
                0x0000000000000022       0x34 c:/st/stm32cubeide_1.3.0/stm32cubeide/plugins/com.st.stm32cube.ide.mcu.externaltools.gnu-tools-for-stm32.7-2018-q2-update.win32_1.4.0.202007081208/tools/bin/../lib/gcc/arm-none-eabi/7.3.1/thumb/v7e-m/fpv4-sp/hard/crtbegin.o
 .ARM.attributes
                0x0000000000000056       0x39 Core/Src/main.o
 .ARM.attributes
                0x000000000000008f       0x39 Core/Src/stm32f3xx_it.o
 .ARM.attributes
                0x00000000000000c8       0x39 Core/Src/system_stm32f3xx.o
 .ARM.attributes
                0x0000000000000101       0x21 Core/Startup/startup_stm32f303k8tx.o
 .ARM.attributes
                0x0000000000000122       0x39 Drivers/STM32F3xx_HAL_Driver/Src/stm32f3xx_ll_gpio.o
 .ARM.attributes
                0x000000000000015b       0x39 Drivers/STM32F3xx_HAL_Driver/Src/stm32f3xx_ll_rcc.o
 .ARM.attributes
                0x0000000000000194       0x39 Drivers/STM32F3xx_HAL_Driver/Src/stm32f3xx_ll_tim.o
 .ARM.attributes
                0x00000000000001cd       0x39 Drivers/STM32F3xx_HAL_Driver/Src/stm32f3xx_ll_usart.o
 .ARM.attributes
                0x0000000000000206       0x39 Drivers/STM32F3xx_HAL_Driver/Src/stm32f3xx_ll_utils.o
 .ARM.attributes
                0x000000000000023f       0x34 c:/st/stm32cubeide_1.3.0/stm32cubeide/plugins/com.st.stm32cube.ide.mcu.externaltools.gnu-tools-for-stm32.7-2018-q2-update.win32_1.4.0.202007081208/tools/bin/../lib/gcc/arm-none-eabi/7.3.1/../../../../arm-none-eabi/lib/thumb/v7e-m/fpv4-sp/hard\libc_nano.a(lib_a-init.o)
 .ARM.attributes
                0x0000000000000273       0x34 c:/st/stm32cubeide_1.3.0/stm32cubeide/plugins/com.st.stm32cube.ide.mcu.externaltools.gnu-tools-for-stm32.7-2018-q2-update.win32_1.4.0.202007081208/tools/bin/../lib/gcc/arm-none-eabi/7.3.1/../../../../arm-none-eabi/lib/thumb/v7e-m/fpv4-sp/hard\libc_nano.a(lib_a-memset.o)
 .ARM.attributes
                0x00000000000002a7       0x22 c:/st/stm32cubeide_1.3.0/stm32cubeide/plugins/com.st.stm32cube.ide.mcu.externaltools.gnu-tools-for-stm32.7-2018-q2-update.win32_1.4.0.202007081208/tools/bin/../lib/gcc/arm-none-eabi/7.3.1/thumb/v7e-m/fpv4-sp/hard/crtn.o
OUTPUT(vrs_zad_10_v1.elf elf32-littlearm)

.debug_info     0x0000000000000000     0x4ed4
 .debug_info    0x0000000000000000     0x17f8 Core/Src/main.o
 .debug_info    0x00000000000017f8      0x565 Core/Src/stm32f3xx_it.o
 .debug_info    0x0000000000001d5d      0x400 Core/Src/system_stm32f3xx.o
 .debug_info    0x000000000000215d       0x22 Core/Startup/startup_stm32f303k8tx.o
 .debug_info    0x000000000000217f      0x7e2 Drivers/STM32F3xx_HAL_Driver/Src/stm32f3xx_ll_gpio.o
 .debug_info    0x0000000000002961      0x704 Drivers/STM32F3xx_HAL_Driver/Src/stm32f3xx_ll_rcc.o
 .debug_info    0x0000000000003065      0xf9d Drivers/STM32F3xx_HAL_Driver/Src/stm32f3xx_ll_tim.o
 .debug_info    0x0000000000004002      0x6bf Drivers/STM32F3xx_HAL_Driver/Src/stm32f3xx_ll_usart.o
 .debug_info    0x00000000000046c1      0x813 Drivers/STM32F3xx_HAL_Driver/Src/stm32f3xx_ll_utils.o

.debug_abbrev   0x0000000000000000      0xfb9
 .debug_abbrev  0x0000000000000000      0x300 Core/Src/main.o
 .debug_abbrev  0x0000000000000300      0x10b Core/Src/stm32f3xx_it.o
 .debug_abbrev  0x000000000000040b      0x111 Core/Src/system_stm32f3xx.o
 .debug_abbrev  0x000000000000051c       0x12 Core/Startup/startup_stm32f303k8tx.o
 .debug_abbrev  0x000000000000052e      0x212 Drivers/STM32F3xx_HAL_Driver/Src/stm32f3xx_ll_gpio.o
 .debug_abbrev  0x0000000000000740      0x238 Drivers/STM32F3xx_HAL_Driver/Src/stm32f3xx_ll_rcc.o
 .debug_abbrev  0x0000000000000978      0x1ff Drivers/STM32F3xx_HAL_Driver/Src/stm32f3xx_ll_tim.o
 .debug_abbrev  0x0000000000000b77      0x1b1 Drivers/STM32F3xx_HAL_Driver/Src/stm32f3xx_ll_usart.o
 .debug_abbrev  0x0000000000000d28      0x291 Drivers/STM32F3xx_HAL_Driver/Src/stm32f3xx_ll_utils.o

.debug_aranges  0x0000000000000000      0x6f8
 .debug_aranges
                0x0000000000000000      0x1f0 Core/Src/main.o
 .debug_aranges
                0x00000000000001f0       0x88 Core/Src/stm32f3xx_it.o
 .debug_aranges
                0x0000000000000278       0x28 Core/Src/system_stm32f3xx.o
 .debug_aranges
                0x00000000000002a0       0x28 Core/Startup/startup_stm32f303k8tx.o
 .debug_aranges
                0x00000000000002c8       0x70 Drivers/STM32F3xx_HAL_Driver/Src/stm32f3xx_ll_gpio.o
 .debug_aranges
                0x0000000000000338      0x100 Drivers/STM32F3xx_HAL_Driver/Src/stm32f3xx_ll_rcc.o
 .debug_aranges
                0x0000000000000438      0x148 Drivers/STM32F3xx_HAL_Driver/Src/stm32f3xx_ll_tim.o
 .debug_aranges
                0x0000000000000580       0x88 Drivers/STM32F3xx_HAL_Driver/Src/stm32f3xx_ll_usart.o
 .debug_aranges
                0x0000000000000608       0xf0 Drivers/STM32F3xx_HAL_Driver/Src/stm32f3xx_ll_utils.o

.debug_ranges   0x0000000000000000      0x670
 .debug_ranges  0x0000000000000000      0x1e0 Core/Src/main.o
 .debug_ranges  0x00000000000001e0       0x78 Core/Src/stm32f3xx_it.o
 .debug_ranges  0x0000000000000258       0x18 Core/Src/system_stm32f3xx.o
 .debug_ranges  0x0000000000000270       0x20 Core/Startup/startup_stm32f303k8tx.o
 .debug_ranges  0x0000000000000290       0x60 Drivers/STM32F3xx_HAL_Driver/Src/stm32f3xx_ll_gpio.o
 .debug_ranges  0x00000000000002f0       0xf0 Drivers/STM32F3xx_HAL_Driver/Src/stm32f3xx_ll_rcc.o
 .debug_ranges  0x00000000000003e0      0x138 Drivers/STM32F3xx_HAL_Driver/Src/stm32f3xx_ll_tim.o
 .debug_ranges  0x0000000000000518       0x78 Drivers/STM32F3xx_HAL_Driver/Src/stm32f3xx_ll_usart.o
 .debug_ranges  0x0000000000000590       0xe0 Drivers/STM32F3xx_HAL_Driver/Src/stm32f3xx_ll_utils.o

.debug_macro    0x0000000000000000    0x15f27
 .debug_macro   0x0000000000000000      0x177 Core/Src/main.o
 .debug_macro   0x0000000000000177      0xa90 Core/Src/main.o
 .debug_macro   0x0000000000000c07       0x2e Core/Src/main.o
 .debug_macro   0x0000000000000c35       0x28 Core/Src/main.o
 .debug_macro   0x0000000000000c5d       0x22 Core/Src/main.o
 .debug_macro   0x0000000000000c7f       0x8e Core/Src/main.o
 .debug_macro   0x0000000000000d0d       0x51 Core/Src/main.o
 .debug_macro   0x0000000000000d5e       0xef Core/Src/main.o
 .debug_macro   0x0000000000000e4d       0x6a Core/Src/main.o
 .debug_macro   0x0000000000000eb7      0x1df Core/Src/main.o
 .debug_macro   0x0000000000001096       0x1c Core/Src/main.o
 .debug_macro   0x00000000000010b2       0x22 Core/Src/main.o
 .debug_macro   0x00000000000010d4       0xdf Core/Src/main.o
 .debug_macro   0x00000000000011b3      0xf07 Core/Src/main.o
 .debug_macro   0x00000000000020ba    0x10bd9 Core/Src/main.o
 .debug_macro   0x0000000000012c93       0x43 Core/Src/main.o
 .debug_macro   0x0000000000012cd6      0x281 Core/Src/main.o
 .debug_macro   0x0000000000012f57      0x4c2 Core/Src/main.o
 .debug_macro   0x0000000000013419       0xe1 Core/Src/main.o
 .debug_macro   0x00000000000134fa      0x29f Core/Src/main.o
 .debug_macro   0x0000000000013799       0xfe Core/Src/main.o
 .debug_macro   0x0000000000013897       0x28 Core/Src/main.o
 .debug_macro   0x00000000000138bf       0x30 Core/Src/main.o
 .debug_macro   0x00000000000138ef       0xa8 Core/Src/main.o
 .debug_macro   0x0000000000013997      0x803 Core/Src/main.o
 .debug_macro   0x000000000001419a      0x2f7 Core/Src/main.o
 .debug_macro   0x0000000000014491      0x142 Core/Src/main.o
 .debug_macro   0x00000000000145d3       0x6a Core/Src/main.o
 .debug_macro   0x000000000001463d      0x17b Core/Src/stm32f3xx_it.o
 .debug_macro   0x00000000000147b8       0xc3 Core/Src/system_stm32f3xx.o
 .debug_macro   0x000000000001487b       0xff Drivers/STM32F3xx_HAL_Driver/Src/stm32f3xx_ll_gpio.o
 .debug_macro   0x000000000001497a      0x13c Drivers/STM32F3xx_HAL_Driver/Src/stm32f3xx_ll_gpio.o
 .debug_macro   0x0000000000014ab6       0xf1 Drivers/STM32F3xx_HAL_Driver/Src/stm32f3xx_ll_rcc.o
 .debug_macro   0x0000000000014ba7      0x4bc Drivers/STM32F3xx_HAL_Driver/Src/stm32f3xx_ll_rcc.o
 .debug_macro   0x0000000000015063      0x169 Drivers/STM32F3xx_HAL_Driver/Src/stm32f3xx_ll_tim.o
 .debug_macro   0x00000000000151cc      0x7fd Drivers/STM32F3xx_HAL_Driver/Src/stm32f3xx_ll_tim.o
 .debug_macro   0x00000000000159c9      0x132 Drivers/STM32F3xx_HAL_Driver/Src/stm32f3xx_ll_usart.o
 .debug_macro   0x0000000000015afb      0x2f1 Drivers/STM32F3xx_HAL_Driver/Src/stm32f3xx_ll_usart.o
 .debug_macro   0x0000000000015dec      0x13b Drivers/STM32F3xx_HAL_Driver/Src/stm32f3xx_ll_utils.o

.debug_line     0x0000000000000000     0x3c79
 .debug_line    0x0000000000000000      0xc63 Core/Src/main.o
 .debug_line    0x0000000000000c63      0x6a2 Core/Src/stm32f3xx_it.o
 .debug_line    0x0000000000001305      0x47a Core/Src/system_stm32f3xx.o
 .debug_line    0x000000000000177f       0x85 Core/Startup/startup_stm32f303k8tx.o
 .debug_line    0x0000000000001804      0x661 Drivers/STM32F3xx_HAL_Driver/Src/stm32f3xx_ll_gpio.o
 .debug_line    0x0000000000001e65      0x73d Drivers/STM32F3xx_HAL_Driver/Src/stm32f3xx_ll_rcc.o
 .debug_line    0x00000000000025a2      0x959 Drivers/STM32F3xx_HAL_Driver/Src/stm32f3xx_ll_tim.o
 .debug_line    0x0000000000002efb      0x622 Drivers/STM32F3xx_HAL_Driver/Src/stm32f3xx_ll_usart.o
 .debug_line    0x000000000000351d      0x75c Drivers/STM32F3xx_HAL_Driver/Src/stm32f3xx_ll_utils.o

.debug_str      0x0000000000000000    0x75491
 .debug_str     0x0000000000000000    0x71693 Core/Src/main.o
                                      0x719c5 (size before relaxing)
 .debug_str     0x0000000000071693      0x126 Core/Src/stm32f3xx_it.o
                                      0x70e49 (size before relaxing)
 .debug_str     0x00000000000717b9       0x73 Core/Src/system_stm32f3xx.o
                                      0x65207 (size before relaxing)
 .debug_str     0x000000000007182c       0x36 Core/Startup/startup_stm32f303k8tx.o
                                         0x74 (size before relaxing)
 .debug_str     0x0000000000071862      0x673 Drivers/STM32F3xx_HAL_Driver/Src/stm32f3xx_ll_gpio.o
                                      0x66556 (size before relaxing)
 .debug_str     0x0000000000071ed5      0x4fd Drivers/STM32F3xx_HAL_Driver/Src/stm32f3xx_ll_rcc.o
                                      0x679a8 (size before relaxing)
 .debug_str     0x00000000000723d2     0x1bb9 Drivers/STM32F3xx_HAL_Driver/Src/stm32f3xx_ll_tim.o
                                      0x6b4a6 (size before relaxing)
 .debug_str     0x0000000000073f8b      0x849 Drivers/STM32F3xx_HAL_Driver/Src/stm32f3xx_ll_usart.o
                                      0x694bd (size before relaxing)
 .debug_str     0x00000000000747d4      0xcbd Drivers/STM32F3xx_HAL_Driver/Src/stm32f3xx_ll_utils.o
                                      0x6a218 (size before relaxing)

.comment        0x0000000000000000       0x7b
 .comment       0x0000000000000000       0x7b Core/Src/main.o
                                         0x7c (size before relaxing)
 .comment       0x000000000000007b       0x7c Core/Src/stm32f3xx_it.o
 .comment       0x000000000000007b       0x7c Core/Src/system_stm32f3xx.o
 .comment       0x000000000000007b       0x7c Drivers/STM32F3xx_HAL_Driver/Src/stm32f3xx_ll_gpio.o
 .comment       0x000000000000007b       0x7c Drivers/STM32F3xx_HAL_Driver/Src/stm32f3xx_ll_rcc.o
 .comment       0x000000000000007b       0x7c Drivers/STM32F3xx_HAL_Driver/Src/stm32f3xx_ll_tim.o
 .comment       0x000000000000007b       0x7c Drivers/STM32F3xx_HAL_Driver/Src/stm32f3xx_ll_usart.o
 .comment       0x000000000000007b       0x7c Drivers/STM32F3xx_HAL_Driver/Src/stm32f3xx_ll_utils.o

.debug_frame    0x0000000000000000     0x1ccc
 .debug_frame   0x0000000000000000      0x8d4 Core/Src/main.o
 .debug_frame   0x00000000000008d4      0x1ac Core/Src/stm32f3xx_it.o
 .debug_frame   0x0000000000000a80       0x58 Core/Src/system_stm32f3xx.o
 .debug_frame   0x0000000000000ad8      0x1c0 Drivers/STM32F3xx_HAL_Driver/Src/stm32f3xx_ll_gpio.o
 .debug_frame   0x0000000000000c98      0x408 Drivers/STM32F3xx_HAL_Driver/Src/stm32f3xx_ll_rcc.o
 .debug_frame   0x00000000000010a0      0x5d0 Drivers/STM32F3xx_HAL_Driver/Src/stm32f3xx_ll_tim.o
 .debug_frame   0x0000000000001670      0x234 Drivers/STM32F3xx_HAL_Driver/Src/stm32f3xx_ll_usart.o
 .debug_frame   0x00000000000018a4      0x3dc Drivers/STM32F3xx_HAL_Driver/Src/stm32f3xx_ll_utils.o
 .debug_frame   0x0000000000001c80       0x2c c:/st/stm32cubeide_1.3.0/stm32cubeide/plugins/com.st.stm32cube.ide.mcu.externaltools.gnu-tools-for-stm32.7-2018-q2-update.win32_1.4.0.202007081208/tools/bin/../lib/gcc/arm-none-eabi/7.3.1/../../../../arm-none-eabi/lib/thumb/v7e-m/fpv4-sp/hard\libc_nano.a(lib_a-init.o)
 .debug_frame   0x0000000000001cac       0x20 c:/st/stm32cubeide_1.3.0/stm32cubeide/plugins/com.st.stm32cube.ide.mcu.externaltools.gnu-tools-for-stm32.7-2018-q2-update.win32_1.4.0.202007081208/tools/bin/../lib/gcc/arm-none-eabi/7.3.1/../../../../arm-none-eabi/lib/thumb/v7e-m/fpv4-sp/hard\libc_nano.a(lib_a-memset.o)
