stm32f3xx_it.c:89:6:NMI_Handler	4	static
stm32f3xx_it.c:102:6:HardFault_Handler	4	static
stm32f3xx_it.c:117:6:MemManage_Handler	4	static
stm32f3xx_it.c:132:6:BusFault_Handler	4	static
stm32f3xx_it.c:147:6:UsageFault_Handler	4	static
stm32f3xx_it.c:162:6:SVC_Handler	4	static
stm32f3xx_it.c:175:6:DebugMon_Handler	4	static
stm32f3xx_it.c:188:6:PendSV_Handler	4	static
stm32f3xx_it.c:201:6:SysTick_Handler	4	static
stm32f3xx_it.c:222:6:DMA1_Channel6_IRQHandler	4	static
stm32f3xx_it.c:244:6:DMA1_Channel7_IRQHandler	4	static
stm32f3xx_it.c:265:6:TIM1_TRG_COM_TIM17_IRQHandler	4	static
stm32f3xx_it.c:280:6:TIM2_IRQHandler	8	static
stm32f3xx_it.c:332:6:USART2_IRQHandler	4	static
